.next/types/validator.ts(71,39): error TS2307: Cannot find module '../../app/page.js' or its corresponding type declarations.
components/customers/CustomerForm.tsx(84,5): error TS2719: Type 'import("/home/ibernabel/develop/lamas-py/frontend/node_modules/.pnpm/react-hook-form@7.71.1_react@19.2.3/node_modules/react-hook-form/dist/types/resolvers").Resolver<{ is_referred: boolean; detail: { first_name: string; last_name: string; email?: string | undefined; nickname?: string | undefined; birthday?: string |...' is not assignable to type 'import("/home/ibernabel/develop/lamas-py/frontend/node_modules/.pnpm/react-hook-form@7.71.1_react@19.2.3/node_modules/react-hook-form/dist/types/resolvers").Resolver<{ is_referred: boolean; detail: { first_name: string; last_name: string; email?: string | undefined; nickname?: string | undefined; birthday?: string |...'. Two different types with this name exist, but they are unrelated.
  Types of parameters 'options' and 'options' are incompatible.
    Type 'import("/home/ibernabel/develop/lamas-py/frontend/node_modules/.pnpm/react-hook-form@7.71.1_react@19.2.3/node_modules/react-hook-form/dist/types/resolvers").ResolverOptions<{ is_referred: boolean; detail: { first_name: string; last_name: string; email?: string | undefined; nickname?: string | undefined; birthday?: s...' is not assignable to type 'import("/home/ibernabel/develop/lamas-py/frontend/node_modules/.pnpm/react-hook-form@7.71.1_react@19.2.3/node_modules/react-hook-form/dist/types/resolvers").ResolverOptions<{ is_referred: boolean; detail: { first_name: string; last_name: string; email?: string | undefined; nickname?: string | undefined; birthday?: s...'. Two different types with this name exist, but they are unrelated.
      Type '{ role?: string | undefined; salary?: number | undefined; start_date?: string | undefined; payment_type?: string | undefined; payment_frequency?: string | undefined; payment_bank?: string | undefined; ... 4 more ...; is_self_employed?: boolean | undefined; } | undefined' is not assignable to type '{ is_self_employed: boolean; role?: string | undefined; salary?: number | undefined; start_date?: string | undefined; payment_type?: string | undefined; payment_frequency?: string | undefined; ... 4 more ...; supervisor_name?: string | undefined; } | undefined'.
        Type '{ role?: string | undefined; salary?: number | undefined; start_date?: string | undefined; payment_type?: string | undefined; payment_frequency?: string | undefined; payment_bank?: string | undefined; ... 4 more ...; is_self_employed?: boolean | undefined; }' is not assignable to type '{ is_self_employed: boolean; role?: string | undefined; salary?: number | undefined; start_date?: string | undefined; payment_type?: string | undefined; payment_frequency?: string | undefined; ... 4 more ...; supervisor_name?: string | undefined; }'.
          Types of property 'is_self_employed' are incompatible.
            Type 'boolean | undefined' is not assignable to type 'boolean'.
              Type 'undefined' is not assignable to type 'boolean'.
